[ttkayo.github.io/Anolet/index.html]
[backblue.gif]
[fade.gif]
[index.html]
[ttkayo.github.io/Anolet/style.css]
[ac.blooket.com/dashboard/assets/BlookCheckers-BykpA7vd.png]
[ttkayo.github.io/Anolet/login.html]
[ttkayo.github.io/Anolet/sign up.html]
[ttkayo.github.io/Anolet/index.html]
[ttkayo.github.io/Anolet/Terms.html]
[ttkayo.github.io/Anolet/style.css]
[www.gstatic.com/firebasejs/8.10.0/firebase-app.js]
[www.gstatic.com/firebasejs/8.10.0/firebase-auth.js]
[www.gstatic.com/firebasejs/8.10.0/firebase-firestore.js]
[ttkayo.github.io/Anolet/favicon_img.png]
[ttkayo.github.io/Anolet/index-2.html]
[ttkayo.github.io/Anolet/login.html]
[ttkayo.github.io/Anolet/sign up.html]
[ttkayo.github.io/Anolet/Terms.html]
[ttkayo.github.io/Anolet/favicon_img.html]
[ttkayo.github.io/Anolet/index-2.html]
[ttkayo.github.io/Anolet/stats.html]
[ttkayo.github.io/Anolet/faviconimg.png]
[cdnjs.cloudflare.com/ajax/libs/font-awesome/5.15.4/css/all.min.css]
[ttkayo.github.io/Anolet/Phantom Fighter (1).gif]
[ttkayo.github.io/Anolet/stats.js]
[ttkayo.github.io/Anolet/leader.html]
[ttkayo.github.io/Anolet/blooks.html]
[ttkayo.github.io/Anolet/market.html]
[ttkayo.github.io/Anolet/chat.html]
[ttkayo.github.io/Anolet/Rooms.html]
[ttkayo.github.io/Anolet/Plus.html]
[ttkayo.github.io/Anolet/AddInfo.html]
[ttkayo.github.io/Anolet/auction.html]
[ttkayo.github.io/Anolet/Panel.html]
[ttkayo.github.io/Anolet/stats.html]
[ttkayo.github.io/Anolet/faviconimg.html]
[cdnjs.cloudflare.com/ajax/libs/font-awesome/5.15.4/css/all.min.css]
[ttkayo.github.io/Anolet/leaderboard.html]
[ttkayo.github.io/Anolet/puzzles.html]
[ttkayo.github.io/Anolet/panel-2.html]
[www.gstatic.com/firebasejs/9.10.0/firebase-app-compat.js]
[www.gstatic.com/firebasejs/9.10.0/firebase-firestore-compat.js]
[ttkayo.github.io/Anolet/leader.html]
[ttkayo.github.io/Anolet/GamerYTRW.webp]
[ttkayo.github.io/Anolet/token.svg]
[ttkayo.github.io/Anolet/blooks.js]
[ttkayo.github.io/Anolet/blooks.html]
[ttkayo.github.io/style.css]
[ac.blooket.com/dashboard/a6f9290f2a3ed1141124bb8982a51fe8.png]
[ttkayo.github.io/Anolet/market.js]
[ttkayo.github.io/Anolet/market.html]
[www.gstatic.com/firebasejs/8.10.0/firebase-database.js]
[ttkayo.github.io/Anolet/Pinging.mp3]
[ttkayo.github.io/Anolet/chat.html]
[www.gstatic.com/firebasejs/8.6.8/firebase-app.js]
[www.gstatic.com/firebasejs/8.6.8/firebase-firestore.js]
[ttkayo.github.io/Anolet/Rooms.html]
[ttkayo.github.io/Anolet/Plus.html]
[ttkayo.github.io/Anolet/AddInfo.html]
[ttkayo.github.io/Anolet/auction.html]
[ttkayo.github.io/Anolet/unauthorized.html]
[ttkayo.github.io/Anolet/Panel.html]
[ttkayo.github.io/Anolet/data/index.html]
[www.gstatic.com/firebasejs/9.0.2/firebase-app.js]
[www.gstatic.com/firebasejs/9.0.2/firebase-firestore.js]
[ttkayo.github.io/Anolet/leaderboard.html]
[ttkayo.github.io/Anolet/puzzles.html]
[ttkayo.github.io/Anolet/panel-2.html]
[ttkayo.github.io/Anolet/token.svg]
[ttkayo.github.io/style.html]
[ttkayo.github.io/Anolet/data/index.html]
[ttkayo.github.io/Anolet/unauthorized.html]
